// Jest Snapshot v1, https://goo.gl/fbAQLP

exports[`<Button /> should render 1`] = `
<button
  class="button"
  data-testid="Button-Button"
  type="button"
>
  Button
</button>
`;
